  [97m*[0m            [97m.[0m                     [97m*[0m     
         [93m  .--.  [0m     [97m.[0m                 
  [97m.[0m      [93m .'    '.[0m                      
         [93m(  )    )[0m    [97m*[0m                 
         [93m '.    .'[0m             [97m.[0m        
  [97m*[0m        [93m'--'  [0m    [97m.[0m                  
