  [97m*[91m   \\[93m  |  /[91m   [97m*[0m                       
      [93m  \\ | /  [0m                        
  [97m*[91m -- [1;93m.---. [91m-- [97m*[0m                       
        [1;93m(  ☼  )[0m                          
  [97m*[91m -- [1;93m'---' [91m-- [97m*[0m                       
  [97m*[91m   /[93m  |  \\[91m   [97m*[0m                       
