  [91m\\[93m                            [91m/[0m       
    [93m\\[97m *  [93m          [97m  * [93m/    [0m           
        [1;93m    .---.    [0m                   
        [1;93m   (     )   [0m                   
        [1;93m    '---'    [0m                   
    [93m/[97m *  [93m          [97m  * [93m\\[91m            [0m   
