    [97m  .---.   .---.  [0m                   
    [97m.-(     ).(     ).[0m                  
    [97m(___________________)[0m               
        [1;97m*   .   *   .   *[0m               
       [1;97m.   *   .   *   . [0m                
        [1;97m*   .   *   .   *[0m               
