    [90m  .---.   .---.  [0m                   
    [90m.-(     ).(     ).[0m                  
    [1;93m(___________________)[0m               
       [94m\\ \\ \\[1;93m /[94m \\ \\ \\ \\         [0m           
       [94m \\ \\[1;93m /_[94m \\ \\ \\ \\        [0m            
       [94m\\ \\[1;93m /[94m \\ \\ \\ \\ \\         [0m            
